// Jest Snapshot v1, https://goo.gl/fbAQLP

exports[`App can render the app 1`] = `
<ActivityIndicator
  animating={true}
  color="grey"
  hidesWhenStopped={true}
  size="large"
/>
`;
